[2025-04-06 16:59:19,715: INFO: main: Welcome to my log]
[2025-04-06 17:00:02,163: INFO: main: Welcome to my log]
[2025-04-07 15:19:43,561: INFO: common: yaml file: config\config.yaml loaded successfully]
[2025-04-07 15:19:43,561: INFO: common: yaml file: params.yaml loaded successfully]
[2025-04-07 15:19:43,561: INFO: common: created directory at: artifacts]
[2025-04-07 15:19:43,588: INFO: common: created directory at: artifacts/data_ingestion]
[2025-04-07 15:19:43,590: INFO: 986331348: Downloading data from https://drive.google.com/file/d/1vlhZ5c7abUKF8xXERIw6m9Te8fW7ohw3/view?usp=sharing into file artifacts/data_ingestion/data.zip]
[2025-04-07 15:20:35,905: INFO: 986331348: Downloaded data from https://drive.google.com/file/d/1vlhZ5c7abUKF8xXERIw6m9Te8fW7ohw3/view?usp=sharing into file artifacts/data_ingestion/data.zip]
[2025-04-08 14:38:35,844: INFO: main: >>>>>> stage Data Ingestion stage started <<<<<<]
[2025-04-08 14:38:35,873: INFO: common: yaml file: config\config.yaml loaded successfully]
[2025-04-08 14:38:35,873: INFO: common: yaml file: params.yaml loaded successfully]
[2025-04-08 14:38:35,878: INFO: common: created directory at: artifacts]
[2025-04-08 14:38:35,878: INFO: common: created directory at: artifacts/data_ingestion]
[2025-04-08 14:38:35,879: INFO: data_ingestion: Downloading data from https://drive.google.com/file/d/1vlhZ5c7abUKF8xXERIw6m9Te8fW7ohw3/view?usp=sharing into file artifacts/data_ingestion/data.zip]
[2025-04-08 14:39:13,176: INFO: data_ingestion: Downloaded data from https://drive.google.com/file/d/1vlhZ5c7abUKF8xXERIw6m9Te8fW7ohw3/view?usp=sharing into file artifacts/data_ingestion/data.zip]
[2025-04-08 14:39:14,383: INFO: main: >>>>>> stage Data Ingestion stage completed <<<<<<

x==========x]
[2025-04-08 15:37:32,235: INFO: common: yaml file: config\config.yaml loaded successfully]
[2025-04-08 15:37:32,242: INFO: common: yaml file: params.yaml loaded successfully]
[2025-04-08 15:37:32,246: INFO: common: created directory at: artifacts]
[2025-04-08 15:37:32,249: INFO: common: created directory at: artifacts/prepare_base_model]
[2025-04-08 15:37:33,340: WARNING: saving_api: You are saving your model as an HDF5 file via `model.save()` or `keras.saving.save_model(model)`. This file format is considered legacy. We recommend using instead the native Keras format, e.g. `model.save('my_model.keras')` or `keras.saving.save_model(model, 'my_model.keras')`. ]
[2025-04-08 15:37:33,714: WARNING: saving_api: You are saving your model as an HDF5 file via `model.save()` or `keras.saving.save_model(model)`. This file format is considered legacy. We recommend using instead the native Keras format, e.g. `model.save('my_model.keras')` or `keras.saving.save_model(model, 'my_model.keras')`. ]
[2025-04-08 15:58:02,335: INFO: main: >>>>>> stage Data Ingestion stage started <<<<<<]
[2025-04-08 15:58:02,344: INFO: common: yaml file: config\config.yaml loaded successfully]
[2025-04-08 15:58:02,344: INFO: common: yaml file: params.yaml loaded successfully]
[2025-04-08 15:58:02,344: INFO: common: created directory at: artifacts]
[2025-04-08 15:58:02,344: INFO: common: created directory at: artifacts/data_ingestion]
[2025-04-08 15:58:02,344: INFO: data_ingestion: Downloading data from https://drive.google.com/file/d/1vlhZ5c7abUKF8xXERIw6m9Te8fW7ohw3/view?usp=sharing into file artifacts/data_ingestion/data.zip]
[2025-04-08 15:58:26,503: INFO: data_ingestion: Downloaded data from https://drive.google.com/file/d/1vlhZ5c7abUKF8xXERIw6m9Te8fW7ohw3/view?usp=sharing into file artifacts/data_ingestion/data.zip]
[2025-04-08 15:58:27,274: INFO: main: >>>>>> stage Data Ingestion stage completed <<<<<<

x==========x]
[2025-04-08 15:58:27,274: INFO: main: *******************]
[2025-04-08 15:58:27,274: INFO: main: >>>>>> stage Prepare base model started <<<<<<]
[2025-04-08 15:58:27,276: INFO: common: yaml file: config\config.yaml loaded successfully]
[2025-04-08 15:58:27,276: INFO: common: yaml file: params.yaml loaded successfully]
[2025-04-08 15:58:27,276: INFO: common: created directory at: artifacts]
[2025-04-08 15:58:27,276: INFO: common: created directory at: artifacts/prepare_base_model]
[2025-04-08 15:58:27,903: WARNING: saving_api: You are saving your model as an HDF5 file via `model.save()` or `keras.saving.save_model(model)`. This file format is considered legacy. We recommend using instead the native Keras format, e.g. `model.save('my_model.keras')` or `keras.saving.save_model(model, 'my_model.keras')`. ]
[2025-04-08 15:58:28,103: WARNING: saving_api: You are saving your model as an HDF5 file via `model.save()` or `keras.saving.save_model(model)`. This file format is considered legacy. We recommend using instead the native Keras format, e.g. `model.save('my_model.keras')` or `keras.saving.save_model(model, 'my_model.keras')`. ]
[2025-04-08 15:58:28,969: INFO: main: >>>>>> stage Prepare base model completed <<<<<<

x==========x]
[2025-04-08 15:58:36,245: INFO: main: >>>>>> stage Data Ingestion stage started <<<<<<]
[2025-04-08 15:58:36,245: INFO: common: yaml file: config\config.yaml loaded successfully]
[2025-04-08 15:58:36,259: INFO: common: yaml file: params.yaml loaded successfully]
[2025-04-08 15:58:36,259: INFO: common: created directory at: artifacts]
[2025-04-08 15:58:36,261: INFO: common: created directory at: artifacts/data_ingestion]
[2025-04-08 15:58:36,262: INFO: data_ingestion: Downloading data from https://drive.google.com/file/d/1vlhZ5c7abUKF8xXERIw6m9Te8fW7ohw3/view?usp=sharing into file artifacts/data_ingestion/data.zip]
[2025-04-08 15:58:58,209: INFO: data_ingestion: Downloaded data from https://drive.google.com/file/d/1vlhZ5c7abUKF8xXERIw6m9Te8fW7ohw3/view?usp=sharing into file artifacts/data_ingestion/data.zip]
[2025-04-08 15:58:59,198: INFO: main: >>>>>> stage Data Ingestion stage completed <<<<<<

x==========x]
[2025-04-08 15:58:59,198: INFO: main: *******************]
[2025-04-08 15:58:59,199: INFO: main: >>>>>> stage Prepare base model started <<<<<<]
[2025-04-08 15:58:59,202: INFO: common: yaml file: config\config.yaml loaded successfully]
[2025-04-08 15:58:59,202: INFO: common: yaml file: params.yaml loaded successfully]
[2025-04-08 15:58:59,202: INFO: common: created directory at: artifacts]
[2025-04-08 15:58:59,202: INFO: common: created directory at: artifacts/prepare_base_model]
[2025-04-08 15:58:59,697: WARNING: saving_api: You are saving your model as an HDF5 file via `model.save()` or `keras.saving.save_model(model)`. This file format is considered legacy. We recommend using instead the native Keras format, e.g. `model.save('my_model.keras')` or `keras.saving.save_model(model, 'my_model.keras')`. ]
[2025-04-08 15:59:00,445: WARNING: saving_api: You are saving your model as an HDF5 file via `model.save()` or `keras.saving.save_model(model)`. This file format is considered legacy. We recommend using instead the native Keras format, e.g. `model.save('my_model.keras')` or `keras.saving.save_model(model, 'my_model.keras')`. ]
[2025-04-08 15:59:01,337: INFO: main: >>>>>> stage Prepare base model completed <<<<<<

x==========x]
[2025-04-09 14:28:34,928: INFO: common: yaml file: config\config.yaml loaded successfully]
[2025-04-09 14:28:35,308: INFO: common: yaml file: params.yaml loaded successfully]
[2025-04-09 14:28:35,310: INFO: common: created directory at: artifacts]
[2025-04-09 14:28:35,324: INFO: common: created directory at: artifacts\training]
[2025-04-09 14:28:37,687: WARNING: saving_utils: Compiled the loaded model, but the compiled metrics have yet to be built. `model.compile_metrics` will be empty until you train or evaluate the model.]
[2025-04-09 14:29:29,476: INFO: common: yaml file: config\config.yaml loaded successfully]
[2025-04-09 14:29:29,481: INFO: common: yaml file: params.yaml loaded successfully]
[2025-04-09 14:29:29,482: INFO: common: created directory at: artifacts]
[2025-04-09 14:29:29,484: INFO: common: created directory at: artifacts\training]
[2025-04-09 14:29:29,773: WARNING: saving_utils: Compiled the loaded model, but the compiled metrics have yet to be built. `model.compile_metrics` will be empty until you train or evaluate the model.]
[2025-04-09 14:29:42,733: INFO: common: yaml file: config\config.yaml loaded successfully]
[2025-04-09 14:29:42,737: INFO: common: yaml file: params.yaml loaded successfully]
[2025-04-09 14:29:42,737: INFO: common: created directory at: artifacts]
[2025-04-09 14:29:42,740: INFO: common: created directory at: artifacts\training]
[2025-04-09 14:29:43,050: WARNING: saving_utils: Compiled the loaded model, but the compiled metrics have yet to be built. `model.compile_metrics` will be empty until you train or evaluate the model.]
[2025-04-09 14:30:39,327: INFO: common: yaml file: config\config.yaml loaded successfully]
[2025-04-09 14:30:39,329: INFO: common: yaml file: params.yaml loaded successfully]
[2025-04-09 14:30:39,333: INFO: common: created directory at: artifacts]
[2025-04-09 14:30:39,334: INFO: common: created directory at: artifacts\training]
[2025-04-09 14:30:39,764: WARNING: saving_utils: Compiled the loaded model, but the compiled metrics have yet to be built. `model.compile_metrics` will be empty until you train or evaluate the model.]
[2025-04-09 14:32:08,981: INFO: common: yaml file: config\config.yaml loaded successfully]
[2025-04-09 14:32:08,997: INFO: common: yaml file: params.yaml loaded successfully]
[2025-04-09 14:32:09,001: INFO: common: created directory at: artifacts]
[2025-04-09 14:32:09,006: INFO: common: created directory at: artifacts\training]
[2025-04-09 14:32:09,556: WARNING: saving_utils: Compiled the loaded model, but the compiled metrics have yet to be built. `model.compile_metrics` will be empty until you train or evaluate the model.]
[2025-04-09 14:38:54,945: WARNING: saving_api: You are saving your model as an HDF5 file via `model.save()` or `keras.saving.save_model(model)`. This file format is considered legacy. We recommend using instead the native Keras format, e.g. `model.save('my_model.keras')` or `keras.saving.save_model(model, 'my_model.keras')`. ]
[2025-04-09 15:04:57,868: INFO: main: >>>>>> stage Data Ingestion stage started <<<<<<]
[2025-04-09 15:04:57,880: INFO: common: yaml file: config\config.yaml loaded successfully]
[2025-04-09 15:04:57,880: INFO: common: yaml file: params.yaml loaded successfully]
[2025-04-09 15:04:57,884: INFO: common: created directory at: artifacts]
[2025-04-09 15:04:57,983: INFO: common: created directory at: artifacts/data_ingestion]
[2025-04-09 15:04:57,986: INFO: data_ingestion: Downloading data from https://drive.google.com/file/d/1vlhZ5c7abUKF8xXERIw6m9Te8fW7ohw3/view?usp=sharing into file artifacts/data_ingestion/data.zip]
[2025-04-09 15:05:35,661: INFO: data_ingestion: Downloaded data from https://drive.google.com/file/d/1vlhZ5c7abUKF8xXERIw6m9Te8fW7ohw3/view?usp=sharing into file artifacts/data_ingestion/data.zip]
[2025-04-09 15:05:36,962: INFO: main: >>>>>> stage Data Ingestion stage completed <<<<<<

x==========x]
[2025-04-09 15:05:36,962: INFO: main: *******************]
[2025-04-09 15:05:36,964: INFO: main: >>>>>> stage Prepare base model started <<<<<<]
[2025-04-09 15:05:36,964: INFO: common: yaml file: config\config.yaml loaded successfully]
[2025-04-09 15:05:36,964: INFO: common: yaml file: params.yaml loaded successfully]
[2025-04-09 15:05:36,964: INFO: common: created directory at: artifacts]
[2025-04-09 15:05:36,964: INFO: common: created directory at: artifacts/prepare_base_model]
[2025-04-09 15:05:37,592: WARNING: saving_api: You are saving your model as an HDF5 file via `model.save()` or `keras.saving.save_model(model)`. This file format is considered legacy. We recommend using instead the native Keras format, e.g. `model.save('my_model.keras')` or `keras.saving.save_model(model, 'my_model.keras')`. ]
[2025-04-09 15:05:37,950: WARNING: saving_api: You are saving your model as an HDF5 file via `model.save()` or `keras.saving.save_model(model)`. This file format is considered legacy. We recommend using instead the native Keras format, e.g. `model.save('my_model.keras')` or `keras.saving.save_model(model, 'my_model.keras')`. ]
[2025-04-09 15:05:38,093: INFO: main: >>>>>> stage Prepare base model completed <<<<<<

x==========x]
[2025-04-09 15:05:38,093: INFO: main: *******************]
[2025-04-09 15:05:38,107: INFO: main: >>>>>> stage Training started <<<<<<]
[2025-04-09 15:05:38,107: INFO: common: yaml file: config\config.yaml loaded successfully]
[2025-04-09 15:05:38,123: INFO: common: yaml file: params.yaml loaded successfully]
[2025-04-09 15:05:38,125: INFO: common: created directory at: artifacts]
[2025-04-09 15:05:38,127: INFO: common: created directory at: artifacts\training]
[2025-04-09 15:05:38,578: WARNING: saving_utils: Compiled the loaded model, but the compiled metrics have yet to be built. `model.compile_metrics` will be empty until you train or evaluate the model.]
[2025-04-09 15:06:57,427: WARNING: saving_api: You are saving your model as an HDF5 file via `model.save()` or `keras.saving.save_model(model)`. This file format is considered legacy. We recommend using instead the native Keras format, e.g. `model.save('my_model.keras')` or `keras.saving.save_model(model, 'my_model.keras')`. ]
[2025-04-09 15:06:57,924: INFO: main: >>>>>> stage Training completed <<<<<<

x==========x]
[2025-04-14 15:14:48,738: INFO: main: >>>>>> stage Data Ingestion stage started <<<<<<]
[2025-04-14 15:14:48,738: INFO: common: yaml file: config\config.yaml loaded successfully]
[2025-04-14 15:14:48,754: INFO: common: yaml file: params.yaml loaded successfully]
[2025-04-14 15:14:48,754: INFO: common: created directory at: artifacts]
[2025-04-14 15:14:48,756: INFO: common: created directory at: artifacts/data_ingestion]
[2025-04-14 15:14:48,756: INFO: data_ingestion: Downloading data from https://drive.google.com/file/d/1vlhZ5c7abUKF8xXERIw6m9Te8fW7ohw3/view?usp=sharing into file artifacts/data_ingestion/data.zip]
[2025-04-14 15:15:04,689: INFO: data_ingestion: Downloaded data from https://drive.google.com/file/d/1vlhZ5c7abUKF8xXERIw6m9Te8fW7ohw3/view?usp=sharing into file artifacts/data_ingestion/data.zip]
[2025-04-14 15:15:05,613: INFO: main: >>>>>> stage Data Ingestion stage completed <<<<<<

x==========x]
[2025-04-14 15:15:05,613: INFO: main: *******************]
[2025-04-14 15:15:05,613: INFO: main: >>>>>> stage Prepare base model started <<<<<<]
[2025-04-14 15:15:05,615: INFO: common: yaml file: config\config.yaml loaded successfully]
[2025-04-14 15:15:05,617: INFO: common: yaml file: params.yaml loaded successfully]
[2025-04-14 15:15:05,617: INFO: common: created directory at: artifacts]
[2025-04-14 15:15:05,618: INFO: common: created directory at: artifacts/prepare_base_model]
[2025-04-14 15:15:06,159: WARNING: saving_api: You are saving your model as an HDF5 file via `model.save()` or `keras.saving.save_model(model)`. This file format is considered legacy. We recommend using instead the native Keras format, e.g. `model.save('my_model.keras')` or `keras.saving.save_model(model, 'my_model.keras')`. ]
[2025-04-14 15:15:06,427: WARNING: saving_api: You are saving your model as an HDF5 file via `model.save()` or `keras.saving.save_model(model)`. This file format is considered legacy. We recommend using instead the native Keras format, e.g. `model.save('my_model.keras')` or `keras.saving.save_model(model, 'my_model.keras')`. ]
[2025-04-14 15:15:07,399: INFO: main: >>>>>> stage Prepare base model completed <<<<<<

x==========x]
[2025-04-14 15:15:07,408: INFO: main: *******************]
[2025-04-14 15:15:07,409: INFO: main: >>>>>> stage Training started <<<<<<]
[2025-04-14 15:15:07,412: INFO: common: yaml file: config\config.yaml loaded successfully]
[2025-04-14 15:15:07,415: INFO: common: yaml file: params.yaml loaded successfully]
[2025-04-14 15:15:07,415: INFO: common: created directory at: artifacts]
[2025-04-14 15:15:07,432: INFO: common: created directory at: artifacts\training]
[2025-04-14 15:15:07,697: WARNING: saving_utils: Compiled the loaded model, but the compiled metrics have yet to be built. `model.compile_metrics` will be empty until you train or evaluate the model.]
[2025-04-14 15:16:38,760: WARNING: saving_api: You are saving your model as an HDF5 file via `model.save()` or `keras.saving.save_model(model)`. This file format is considered legacy. We recommend using instead the native Keras format, e.g. `model.save('my_model.keras')` or `keras.saving.save_model(model, 'my_model.keras')`. ]
[2025-04-14 15:16:39,024: INFO: main: >>>>>> stage Training completed <<<<<<

x==========x]
[2025-04-14 15:16:39,024: INFO: main: *******************]
[2025-04-14 15:16:39,024: INFO: main: >>>>>> stage Evaluation stage started <<<<<<]
[2025-04-14 15:16:39,024: INFO: common: yaml file: config\config.yaml loaded successfully]
[2025-04-14 15:16:39,024: INFO: common: yaml file: params.yaml loaded successfully]
[2025-04-14 15:16:39,024: INFO: common: created directory at: artifacts]
[2025-04-14 15:16:39,254: WARNING: saving_utils: Compiled the loaded model, but the compiled metrics have yet to be built. `model.compile_metrics` will be empty until you train or evaluate the model.]
[2025-04-14 15:16:39,282: ERROR: main: name 'model' is not defined]
Traceback (most recent call last):
  File "f:\MLops project\project-dl-main\main.py", line 44, in <module>
    model_evalution.main()
  File "f:\MLops project\project-dl-main\src\cnnClassifier\pipeline\stage_4_model_eval.py", line 18, in main
    evaluation.evaluation()
  File "f:\MLops project\project-dl-main\src\cnnClassifier\components\model_eval.py", line 48, in evaluation
    self.score = model.evaluate(self.valid_generator)
                 ^^^^^
NameError: name 'model' is not defined. Did you mean: 'self.model'?
[2025-04-14 15:23:06,929: INFO: main: >>>>>> stage Data Ingestion stage started <<<<<<]
[2025-04-14 15:23:06,931: INFO: common: yaml file: config\config.yaml loaded successfully]
[2025-04-14 15:23:06,933: INFO: common: yaml file: params.yaml loaded successfully]
[2025-04-14 15:23:06,933: INFO: common: created directory at: artifacts]
[2025-04-14 15:23:06,934: INFO: common: created directory at: artifacts/data_ingestion]
[2025-04-14 15:23:06,934: INFO: data_ingestion: Downloading data from https://drive.google.com/file/d/1vlhZ5c7abUKF8xXERIw6m9Te8fW7ohw3/view?usp=sharing into file artifacts/data_ingestion/data.zip]
[2025-04-14 15:23:20,278: INFO: data_ingestion: Downloaded data from https://drive.google.com/file/d/1vlhZ5c7abUKF8xXERIw6m9Te8fW7ohw3/view?usp=sharing into file artifacts/data_ingestion/data.zip]
[2025-04-14 15:23:21,196: INFO: main: >>>>>> stage Data Ingestion stage completed <<<<<<

x==========x]
[2025-04-14 15:23:21,196: INFO: main: *******************]
[2025-04-14 15:23:21,196: INFO: main: >>>>>> stage Prepare base model started <<<<<<]
[2025-04-14 15:23:21,196: INFO: common: yaml file: config\config.yaml loaded successfully]
[2025-04-14 15:23:21,202: INFO: common: yaml file: params.yaml loaded successfully]
[2025-04-14 15:23:21,202: INFO: common: created directory at: artifacts]
[2025-04-14 15:23:21,202: INFO: common: created directory at: artifacts/prepare_base_model]
[2025-04-14 15:23:21,801: WARNING: saving_api: You are saving your model as an HDF5 file via `model.save()` or `keras.saving.save_model(model)`. This file format is considered legacy. We recommend using instead the native Keras format, e.g. `model.save('my_model.keras')` or `keras.saving.save_model(model, 'my_model.keras')`. ]
[2025-04-14 15:23:22,276: WARNING: saving_api: You are saving your model as an HDF5 file via `model.save()` or `keras.saving.save_model(model)`. This file format is considered legacy. We recommend using instead the native Keras format, e.g. `model.save('my_model.keras')` or `keras.saving.save_model(model, 'my_model.keras')`. ]
[2025-04-14 15:23:23,069: INFO: main: >>>>>> stage Prepare base model completed <<<<<<

x==========x]
[2025-04-14 15:23:23,086: INFO: main: *******************]
[2025-04-14 15:23:23,086: INFO: main: >>>>>> stage Training started <<<<<<]
[2025-04-14 15:23:23,086: INFO: common: yaml file: config\config.yaml loaded successfully]
[2025-04-14 15:23:23,086: INFO: common: yaml file: params.yaml loaded successfully]
[2025-04-14 15:23:23,086: INFO: common: created directory at: artifacts]
[2025-04-14 15:23:23,086: INFO: common: created directory at: artifacts\training]
[2025-04-14 15:23:23,781: WARNING: saving_utils: Compiled the loaded model, but the compiled metrics have yet to be built. `model.compile_metrics` will be empty until you train or evaluate the model.]
[2025-04-14 15:24:47,485: WARNING: saving_api: You are saving your model as an HDF5 file via `model.save()` or `keras.saving.save_model(model)`. This file format is considered legacy. We recommend using instead the native Keras format, e.g. `model.save('my_model.keras')` or `keras.saving.save_model(model, 'my_model.keras')`. ]
[2025-04-14 15:24:47,644: INFO: main: >>>>>> stage Training completed <<<<<<

x==========x]
[2025-04-14 15:24:47,644: INFO: main: *******************]
[2025-04-14 15:24:47,644: INFO: main: >>>>>> stage Evaluation stage started <<<<<<]
[2025-04-14 15:24:47,644: INFO: common: yaml file: config\config.yaml loaded successfully]
[2025-04-14 15:24:47,644: INFO: common: yaml file: params.yaml loaded successfully]
[2025-04-14 15:24:47,644: INFO: common: created directory at: artifacts]
[2025-04-14 15:24:47,936: WARNING: saving_utils: Compiled the loaded model, but the compiled metrics have yet to be built. `model.compile_metrics` will be empty until you train or evaluate the model.]
[2025-04-14 15:24:47,966: ERROR: main: name 'model' is not defined]
Traceback (most recent call last):
  File "f:\MLops project\project-dl-main\main.py", line 44, in <module>
    model_evalution.main()
  File "f:\MLops project\project-dl-main\src\cnnClassifier\pipeline\stage_4_model_eval.py", line 18, in main
    evaluation.evaluation()
  File "f:\MLops project\project-dl-main\src\cnnClassifier\components\model_eval.py", line 49, in evaluation
    self.score = model.evaluate(self.valid_generator)
                 ^^^^^
NameError: name 'model' is not defined. Did you mean: 'self.model'?
[2025-04-14 15:28:41,058: INFO: main: >>>>>> stage Data Ingestion stage started <<<<<<]
[2025-04-14 15:28:41,060: INFO: common: yaml file: config\config.yaml loaded successfully]
[2025-04-14 15:28:41,062: INFO: common: yaml file: params.yaml loaded successfully]
[2025-04-14 15:28:41,062: INFO: common: created directory at: artifacts]
[2025-04-14 15:28:41,080: INFO: common: created directory at: artifacts/data_ingestion]
[2025-04-14 15:28:41,080: INFO: data_ingestion: Downloading data from https://drive.google.com/file/d/1vlhZ5c7abUKF8xXERIw6m9Te8fW7ohw3/view?usp=sharing into file artifacts/data_ingestion/data.zip]
[2025-04-14 15:28:55,800: INFO: data_ingestion: Downloaded data from https://drive.google.com/file/d/1vlhZ5c7abUKF8xXERIw6m9Te8fW7ohw3/view?usp=sharing into file artifacts/data_ingestion/data.zip]
[2025-04-14 15:28:56,666: INFO: main: >>>>>> stage Data Ingestion stage completed <<<<<<

x==========x]
[2025-04-14 15:28:56,666: INFO: main: *******************]
[2025-04-14 15:28:56,666: INFO: main: >>>>>> stage Prepare base model started <<<<<<]
[2025-04-14 15:28:56,666: INFO: common: yaml file: config\config.yaml loaded successfully]
[2025-04-14 15:28:56,681: INFO: common: yaml file: params.yaml loaded successfully]
[2025-04-14 15:28:56,682: INFO: common: created directory at: artifacts]
[2025-04-14 15:28:56,682: INFO: common: created directory at: artifacts/prepare_base_model]
[2025-04-14 15:28:57,265: WARNING: saving_api: You are saving your model as an HDF5 file via `model.save()` or `keras.saving.save_model(model)`. This file format is considered legacy. We recommend using instead the native Keras format, e.g. `model.save('my_model.keras')` or `keras.saving.save_model(model, 'my_model.keras')`. ]
[2025-04-14 15:28:57,458: WARNING: saving_api: You are saving your model as an HDF5 file via `model.save()` or `keras.saving.save_model(model)`. This file format is considered legacy. We recommend using instead the native Keras format, e.g. `model.save('my_model.keras')` or `keras.saving.save_model(model, 'my_model.keras')`. ]
[2025-04-14 15:28:57,676: INFO: main: >>>>>> stage Prepare base model completed <<<<<<

x==========x]
[2025-04-14 15:28:57,676: INFO: main: *******************]
[2025-04-14 15:28:57,676: INFO: main: >>>>>> stage Training started <<<<<<]
[2025-04-14 15:28:57,692: INFO: common: yaml file: config\config.yaml loaded successfully]
[2025-04-14 15:28:57,710: INFO: common: yaml file: params.yaml loaded successfully]
[2025-04-14 15:28:57,711: INFO: common: created directory at: artifacts]
[2025-04-14 15:28:57,713: INFO: common: created directory at: artifacts\training]
[2025-04-14 15:28:58,052: WARNING: saving_utils: Compiled the loaded model, but the compiled metrics have yet to be built. `model.compile_metrics` will be empty until you train or evaluate the model.]
[2025-04-14 15:30:26,770: WARNING: saving_api: You are saving your model as an HDF5 file via `model.save()` or `keras.saving.save_model(model)`. This file format is considered legacy. We recommend using instead the native Keras format, e.g. `model.save('my_model.keras')` or `keras.saving.save_model(model, 'my_model.keras')`. ]
[2025-04-14 15:30:27,027: INFO: main: >>>>>> stage Training completed <<<<<<

x==========x]
[2025-04-14 15:30:27,028: INFO: main: *******************]
[2025-04-14 15:30:27,028: INFO: main: >>>>>> stage Evaluation stage started <<<<<<]
[2025-04-14 15:30:27,034: INFO: common: yaml file: config\config.yaml loaded successfully]
[2025-04-14 15:30:27,037: INFO: common: yaml file: params.yaml loaded successfully]
[2025-04-14 15:30:27,038: INFO: common: created directory at: artifacts]
[2025-04-14 15:30:27,270: WARNING: saving_utils: Compiled the loaded model, but the compiled metrics have yet to be built. `model.compile_metrics` will be empty until you train or evaluate the model.]
[2025-04-14 15:30:54,587: INFO: common: json file saved at: scores.json]
[2025-04-14 15:30:54,587: INFO: common: json file saved at: scores.json]
[2025-04-14 15:31:13,614: INFO: main: >>>>>> stage Evaluation stage completed <<<<<<

x==========x]
[2025-04-14 15:36:29,024: INFO: main: >>>>>> stage Data Ingestion stage started <<<<<<]
[2025-04-14 15:36:29,026: INFO: common: yaml file: config\config.yaml loaded successfully]
[2025-04-14 15:36:29,029: INFO: common: yaml file: params.yaml loaded successfully]
[2025-04-14 15:36:29,030: INFO: common: created directory at: artifacts]
[2025-04-14 15:36:29,030: INFO: common: created directory at: artifacts/data_ingestion]
[2025-04-14 15:36:29,034: INFO: data_ingestion: Downloading data from https://drive.google.com/file/d/1vlhZ5c7abUKF8xXERIw6m9Te8fW7ohw3/view?usp=sharing into file artifacts/data_ingestion/data.zip]
[2025-04-14 15:36:42,592: INFO: data_ingestion: Downloaded data from https://drive.google.com/file/d/1vlhZ5c7abUKF8xXERIw6m9Te8fW7ohw3/view?usp=sharing into file artifacts/data_ingestion/data.zip]
[2025-04-14 15:36:43,628: INFO: main: >>>>>> stage Data Ingestion stage completed <<<<<<

x==========x]
[2025-04-14 15:36:43,628: INFO: main: *******************]
[2025-04-14 15:36:43,628: INFO: main: >>>>>> stage Prepare base model started <<<<<<]
[2025-04-14 15:36:43,634: INFO: common: yaml file: config\config.yaml loaded successfully]
[2025-04-14 15:36:43,634: INFO: common: yaml file: params.yaml loaded successfully]
[2025-04-14 15:36:43,634: INFO: common: created directory at: artifacts]
[2025-04-14 15:36:43,634: INFO: common: created directory at: artifacts/prepare_base_model]
[2025-04-14 15:36:44,181: WARNING: saving_api: You are saving your model as an HDF5 file via `model.save()` or `keras.saving.save_model(model)`. This file format is considered legacy. We recommend using instead the native Keras format, e.g. `model.save('my_model.keras')` or `keras.saving.save_model(model, 'my_model.keras')`. ]
[2025-04-14 15:36:44,474: WARNING: saving_api: You are saving your model as an HDF5 file via `model.save()` or `keras.saving.save_model(model)`. This file format is considered legacy. We recommend using instead the native Keras format, e.g. `model.save('my_model.keras')` or `keras.saving.save_model(model, 'my_model.keras')`. ]
[2025-04-14 15:36:44,779: INFO: main: >>>>>> stage Prepare base model completed <<<<<<

x==========x]
[2025-04-14 15:36:44,779: INFO: main: *******************]
[2025-04-14 15:36:44,779: INFO: main: >>>>>> stage Training started <<<<<<]
[2025-04-14 15:36:44,787: INFO: common: yaml file: config\config.yaml loaded successfully]
[2025-04-14 15:36:44,787: INFO: common: yaml file: params.yaml loaded successfully]
[2025-04-14 15:36:44,787: INFO: common: created directory at: artifacts]
[2025-04-14 15:36:44,792: INFO: common: created directory at: artifacts\training]
[2025-04-14 15:36:44,995: WARNING: saving_utils: Compiled the loaded model, but the compiled metrics have yet to be built. `model.compile_metrics` will be empty until you train or evaluate the model.]
[2025-04-14 15:38:02,682: WARNING: saving_api: You are saving your model as an HDF5 file via `model.save()` or `keras.saving.save_model(model)`. This file format is considered legacy. We recommend using instead the native Keras format, e.g. `model.save('my_model.keras')` or `keras.saving.save_model(model, 'my_model.keras')`. ]
[2025-04-14 15:38:03,208: INFO: main: >>>>>> stage Training completed <<<<<<

x==========x]
[2025-04-14 15:38:03,208: INFO: main: *******************]
[2025-04-14 15:38:03,208: INFO: main: >>>>>> stage Evaluation stage started <<<<<<]
[2025-04-14 15:38:03,216: INFO: common: yaml file: config\config.yaml loaded successfully]
[2025-04-14 15:38:03,216: INFO: common: yaml file: params.yaml loaded successfully]
[2025-04-14 15:38:03,216: INFO: common: created directory at: artifacts]
[2025-04-14 15:38:03,594: WARNING: saving_utils: Compiled the loaded model, but the compiled metrics have yet to be built. `model.compile_metrics` will be empty until you train or evaluate the model.]
[2025-04-14 15:38:32,397: INFO: common: json file saved at: scores.json]
[2025-04-14 15:38:32,399: INFO: common: json file saved at: scores.json]
[2025-04-14 15:39:17,390: INFO: main: >>>>>> stage Evaluation stage completed <<<<<<

x==========x]
[2025-04-14 15:47:03,283: INFO: main: >>>>>> stage Data Ingestion stage started <<<<<<]
[2025-04-14 15:47:03,286: INFO: common: yaml file: config\config.yaml loaded successfully]
[2025-04-14 15:47:03,286: INFO: common: yaml file: params.yaml loaded successfully]
[2025-04-14 15:47:03,286: INFO: common: created directory at: artifacts]
[2025-04-14 15:47:03,313: INFO: common: created directory at: artifacts/data_ingestion]
[2025-04-14 15:47:03,313: INFO: data_ingestion: Downloading data from https://drive.google.com/file/d/1vlhZ5c7abUKF8xXERIw6m9Te8fW7ohw3/view?usp=sharing into file artifacts/data_ingestion/data.zip]
[2025-04-14 15:47:16,242: INFO: data_ingestion: Downloaded data from https://drive.google.com/file/d/1vlhZ5c7abUKF8xXERIw6m9Te8fW7ohw3/view?usp=sharing into file artifacts/data_ingestion/data.zip]
[2025-04-14 15:47:17,525: INFO: main: >>>>>> stage Data Ingestion stage completed <<<<<<

x==========x]
[2025-04-14 15:47:17,525: INFO: main: *******************]
[2025-04-14 15:47:17,529: INFO: main: >>>>>> stage Prepare base model started <<<<<<]
[2025-04-14 15:47:17,530: INFO: common: yaml file: config\config.yaml loaded successfully]
[2025-04-14 15:47:17,530: INFO: common: yaml file: params.yaml loaded successfully]
[2025-04-14 15:47:17,530: INFO: common: created directory at: artifacts]
[2025-04-14 15:47:17,530: INFO: common: created directory at: artifacts/prepare_base_model]
[2025-04-14 15:47:18,078: WARNING: saving_api: You are saving your model as an HDF5 file via `model.save()` or `keras.saving.save_model(model)`. This file format is considered legacy. We recommend using instead the native Keras format, e.g. `model.save('my_model.keras')` or `keras.saving.save_model(model, 'my_model.keras')`. ]
[2025-04-14 15:47:18,262: WARNING: saving_api: You are saving your model as an HDF5 file via `model.save()` or `keras.saving.save_model(model)`. This file format is considered legacy. We recommend using instead the native Keras format, e.g. `model.save('my_model.keras')` or `keras.saving.save_model(model, 'my_model.keras')`. ]
[2025-04-14 15:47:18,391: INFO: main: >>>>>> stage Prepare base model completed <<<<<<

x==========x]
[2025-04-14 15:47:18,391: INFO: main: *******************]
[2025-04-14 15:47:18,391: INFO: main: >>>>>> stage Training started <<<<<<]
[2025-04-14 15:47:18,406: INFO: common: yaml file: config\config.yaml loaded successfully]
[2025-04-14 15:47:18,406: INFO: common: yaml file: params.yaml loaded successfully]
[2025-04-14 15:47:18,408: INFO: common: created directory at: artifacts]
[2025-04-14 15:47:18,408: INFO: common: created directory at: artifacts\training]
[2025-04-14 15:47:18,727: WARNING: saving_utils: Compiled the loaded model, but the compiled metrics have yet to be built. `model.compile_metrics` will be empty until you train or evaluate the model.]
[2025-04-14 15:48:53,705: WARNING: saving_api: You are saving your model as an HDF5 file via `model.save()` or `keras.saving.save_model(model)`. This file format is considered legacy. We recommend using instead the native Keras format, e.g. `model.save('my_model.keras')` or `keras.saving.save_model(model, 'my_model.keras')`. ]
[2025-04-14 15:48:54,242: INFO: main: >>>>>> stage Training completed <<<<<<

x==========x]
[2025-04-14 15:48:54,242: INFO: main: *******************]
[2025-04-14 15:48:54,242: INFO: main: >>>>>> stage Evaluation stage started <<<<<<]
[2025-04-14 15:48:54,242: INFO: common: yaml file: config\config.yaml loaded successfully]
[2025-04-14 15:48:54,254: INFO: common: yaml file: params.yaml loaded successfully]
[2025-04-14 15:48:54,256: INFO: common: created directory at: artifacts]
[2025-04-14 15:48:54,712: WARNING: saving_utils: Compiled the loaded model, but the compiled metrics have yet to be built. `model.compile_metrics` will be empty until you train or evaluate the model.]
[2025-04-14 15:49:21,827: INFO: common: json file saved at: scores.json]
[2025-04-14 15:49:21,827: INFO: common: json file saved at: scores.json]
[2025-04-14 15:50:10,000: INFO: main: >>>>>> stage Evaluation stage completed <<<<<<

x==========x]
[2025-04-15 14:38:49,683: INFO: stage_1_data_ingestion: >>>>>> stage Data Ingestion stage started <<<<<<]
[2025-04-15 14:38:49,683: INFO: common: yaml file: config\config.yaml loaded successfully]
[2025-04-15 14:38:49,704: INFO: common: yaml file: params.yaml loaded successfully]
[2025-04-15 14:38:49,707: INFO: common: created directory at: artifacts]
[2025-04-15 14:38:49,708: INFO: common: created directory at: artifacts/data_ingestion]
[2025-04-15 14:38:49,709: INFO: data_ingestion: Downloading data from https://drive.google.com/file/d/1vlhZ5c7abUKF8xXERIw6m9Te8fW7ohw3/view?usp=sharing into file artifacts/data_ingestion/data.zip]
[2025-04-15 14:39:08,905: INFO: data_ingestion: Downloaded data from https://drive.google.com/file/d/1vlhZ5c7abUKF8xXERIw6m9Te8fW7ohw3/view?usp=sharing into file artifacts/data_ingestion/data.zip]
[2025-04-15 14:39:09,827: INFO: stage_1_data_ingestion: >>>>>> stage Data Ingestion stage completed <<<<<<

x==========x]
[2025-04-15 14:44:43,396: INFO: stage_1_data_ingestion: >>>>>> stage Data Ingestion stage started <<<<<<]
[2025-04-15 14:44:43,396: INFO: common: yaml file: config\config.yaml loaded successfully]
[2025-04-15 14:44:43,396: INFO: common: yaml file: params.yaml loaded successfully]
[2025-04-15 14:44:43,396: INFO: common: created directory at: artifacts]
[2025-04-15 14:44:43,396: INFO: common: created directory at: artifacts/data_ingestion]
[2025-04-15 14:44:43,396: INFO: data_ingestion: Downloading data from https://drive.google.com/file/d/1vlhZ5c7abUKF8xXERIw6m9Te8fW7ohw3/view?usp=sharing into file artifacts/data_ingestion/data.zip]
[2025-04-15 14:45:01,049: INFO: data_ingestion: Downloaded data from https://drive.google.com/file/d/1vlhZ5c7abUKF8xXERIw6m9Te8fW7ohw3/view?usp=sharing into file artifacts/data_ingestion/data.zip]
[2025-04-15 14:45:01,942: INFO: stage_1_data_ingestion: >>>>>> stage Data Ingestion stage completed <<<<<<

x==========x]
[2025-04-15 14:45:22,727: INFO: stage_2_prepare_base_model: *******************]
[2025-04-15 14:45:22,730: INFO: stage_2_prepare_base_model: >>>>>> stage Prepare base model started <<<<<<]
[2025-04-15 14:45:22,731: INFO: common: yaml file: config\config.yaml loaded successfully]
[2025-04-15 14:45:22,736: INFO: common: yaml file: params.yaml loaded successfully]
[2025-04-15 14:45:22,736: INFO: common: created directory at: artifacts]
[2025-04-15 14:45:22,736: INFO: common: created directory at: artifacts/prepare_base_model]
[2025-04-15 14:45:23,609: WARNING: saving_api: You are saving your model as an HDF5 file via `model.save()` or `keras.saving.save_model(model)`. This file format is considered legacy. We recommend using instead the native Keras format, e.g. `model.save('my_model.keras')` or `keras.saving.save_model(model, 'my_model.keras')`. ]
[2025-04-15 14:45:23,810: WARNING: saving_api: You are saving your model as an HDF5 file via `model.save()` or `keras.saving.save_model(model)`. This file format is considered legacy. We recommend using instead the native Keras format, e.g. `model.save('my_model.keras')` or `keras.saving.save_model(model, 'my_model.keras')`. ]
[2025-04-15 14:45:24,543: INFO: stage_2_prepare_base_model: >>>>>> stage Prepare base model completed <<<<<<

x==========x]
[2025-04-15 14:48:18,475: INFO: stage_2_prepare_base_model: *******************]
[2025-04-15 14:48:18,475: INFO: stage_2_prepare_base_model: >>>>>> stage Prepare base model started <<<<<<]
[2025-04-15 14:48:18,477: INFO: common: yaml file: config\config.yaml loaded successfully]
[2025-04-15 14:48:18,479: INFO: common: yaml file: params.yaml loaded successfully]
[2025-04-15 14:48:18,480: INFO: common: created directory at: artifacts]
[2025-04-15 14:48:18,480: INFO: common: created directory at: artifacts/prepare_base_model]
[2025-04-15 14:48:18,964: WARNING: saving_api: You are saving your model as an HDF5 file via `model.save()` or `keras.saving.save_model(model)`. This file format is considered legacy. We recommend using instead the native Keras format, e.g. `model.save('my_model.keras')` or `keras.saving.save_model(model, 'my_model.keras')`. ]
[2025-04-15 14:48:19,182: WARNING: saving_api: You are saving your model as an HDF5 file via `model.save()` or `keras.saving.save_model(model)`. This file format is considered legacy. We recommend using instead the native Keras format, e.g. `model.save('my_model.keras')` or `keras.saving.save_model(model, 'my_model.keras')`. ]
[2025-04-15 14:48:19,295: INFO: stage_2_prepare_base_model: >>>>>> stage Prepare base model completed <<<<<<

x==========x]
[2025-04-15 14:50:35,885: INFO: stage_2_prepare_base_model: *******************]
[2025-04-15 14:50:35,885: INFO: stage_2_prepare_base_model: >>>>>> stage Prepare base model started <<<<<<]
[2025-04-15 14:50:35,885: INFO: common: yaml file: config\config.yaml loaded successfully]
[2025-04-15 14:50:35,885: INFO: common: yaml file: params.yaml loaded successfully]
[2025-04-15 14:50:35,885: INFO: common: created directory at: artifacts]
[2025-04-15 14:50:35,885: INFO: common: created directory at: artifacts/prepare_base_model]
[2025-04-15 14:50:36,316: WARNING: saving_api: You are saving your model as an HDF5 file via `model.save()` or `keras.saving.save_model(model)`. This file format is considered legacy. We recommend using instead the native Keras format, e.g. `model.save('my_model.keras')` or `keras.saving.save_model(model, 'my_model.keras')`. ]
[2025-04-15 14:50:36,536: WARNING: saving_api: You are saving your model as an HDF5 file via `model.save()` or `keras.saving.save_model(model)`. This file format is considered legacy. We recommend using instead the native Keras format, e.g. `model.save('my_model.keras')` or `keras.saving.save_model(model, 'my_model.keras')`. ]
[2025-04-15 14:50:36,663: INFO: stage_2_prepare_base_model: >>>>>> stage Prepare base model completed <<<<<<

x==========x]
[2025-04-15 14:50:48,405: INFO: stage_3_model_training_pipeline: *******************]
[2025-04-15 14:50:48,406: INFO: stage_3_model_training_pipeline: >>>>>> stage Training started <<<<<<]
[2025-04-15 14:50:48,408: INFO: common: yaml file: config\config.yaml loaded successfully]
[2025-04-15 14:50:48,411: INFO: common: yaml file: params.yaml loaded successfully]
[2025-04-15 14:50:48,411: INFO: common: created directory at: artifacts]
[2025-04-15 14:50:48,430: INFO: common: created directory at: artifacts\training]
[2025-04-15 14:50:48,929: WARNING: saving_utils: Compiled the loaded model, but the compiled metrics have yet to be built. `model.compile_metrics` will be empty until you train or evaluate the model.]
[2025-04-15 14:52:22,377: WARNING: saving_api: You are saving your model as an HDF5 file via `model.save()` or `keras.saving.save_model(model)`. This file format is considered legacy. We recommend using instead the native Keras format, e.g. `model.save('my_model.keras')` or `keras.saving.save_model(model, 'my_model.keras')`. ]
[2025-04-15 14:52:22,572: INFO: stage_3_model_training_pipeline: >>>>>> stage Training completed <<<<<<

x==========x]
[2025-04-15 14:54:20,882: INFO: stage_3_model_training_pipeline: *******************]
[2025-04-15 14:54:20,882: INFO: stage_3_model_training_pipeline: >>>>>> stage Training started <<<<<<]
[2025-04-15 14:54:20,888: INFO: common: yaml file: config\config.yaml loaded successfully]
[2025-04-15 14:54:20,902: INFO: common: yaml file: params.yaml loaded successfully]
[2025-04-15 14:54:20,902: INFO: common: created directory at: artifacts]
[2025-04-15 14:54:20,906: INFO: common: created directory at: artifacts\training]
[2025-04-15 14:54:22,570: WARNING: saving_utils: Compiled the loaded model, but the compiled metrics have yet to be built. `model.compile_metrics` will be empty until you train or evaluate the model.]
[2025-04-15 14:55:57,030: WARNING: saving_api: You are saving your model as an HDF5 file via `model.save()` or `keras.saving.save_model(model)`. This file format is considered legacy. We recommend using instead the native Keras format, e.g. `model.save('my_model.keras')` or `keras.saving.save_model(model, 'my_model.keras')`. ]
[2025-04-15 14:55:57,503: INFO: stage_3_model_training_pipeline: >>>>>> stage Training completed <<<<<<

x==========x]
[2025-04-15 14:56:13,108: INFO: stage_4_model_eval: *******************]
[2025-04-15 14:56:13,108: INFO: stage_4_model_eval: >>>>>> stage Evaluation stage started <<<<<<]
[2025-04-15 14:56:13,110: INFO: common: yaml file: config\config.yaml loaded successfully]
[2025-04-15 14:56:13,112: INFO: common: yaml file: params.yaml loaded successfully]
[2025-04-15 14:56:13,113: INFO: common: created directory at: artifacts]
[2025-04-15 14:56:13,533: WARNING: saving_utils: Compiled the loaded model, but the compiled metrics have yet to be built. `model.compile_metrics` will be empty until you train or evaluate the model.]
[2025-04-15 14:56:36,730: INFO: common: json file saved at: scores.json]
[2025-04-15 14:56:36,730: INFO: common: json file saved at: scores.json]
[2025-04-15 14:57:36,375: INFO: stage_4_model_eval: >>>>>> stage Evaluation stage completed <<<<<<

x==========x]
